// Jest Snapshot v1, https://goo.gl/fbAQLP

exports[`Loading should match snapshot 1`] = `
<body>
  <div>
    <div
      class="_tadashi_svelte_loading svelte-s3ye64"
    >
      <div
        class="_tadashi_svelte_loading_animation svelte-s3ye64"
      />
    </div>
    
  </div>
</body>
`;
